Microchip MPLAB XC8 Compiler V2.50

Linker command line:

-W-3 \
  --edf=C:\Program Files\Microchip\xc8\v2.50\pic\dat\20240725155939_en.msgs \
  -cn -h+dist/default/production\COTS_2.X.production.sym \
  --cmf=dist/default/production\COTS_2.X.production.cmf -z -Q18F4620 \
  -oC:\Users\ibrah\AppData\Local\Temp\xcBsje4.1\driver_tmp_3.o \
  --defsym=__MPLAB_BUILD=1 --fixupoverflow=error \
  -Mdist/default/production/COTS_2.X.production.map \
  --md=C:\Users\ibrah\AppData\Local\Temp\xcBsje4.1\driver_tmp_0.dat -E1 \
  -ver=XC8 Compiler --acfsm=1493 -ACODE=00h-0FFFFh -ACONST=00h-0FFFFh \
  -ASMALLCONST=01000h-010FFhx240 -AMEDIUMCONST=01000h-0FFFFh \
  -ACOMRAM=01h-07Fh -AABS1=00h-0F7Fh -ABIGRAM=01h-0F7Fh \
  -ARAM=080h-0FFh,0100h-01FFhx14,0F00h-0F7Fh -ABANK0=080h-0FFh \
  -ABANK1=0100h-01FFh -ABANK2=0200h-02FFh -ABANK3=0300h-03FFh \
  -ABANK4=0400h-04FFh -ABANK5=0500h-05FFh -ABANK6=0600h-06FFh \
  -ABANK7=0700h-07FFh -ABANK8=0800h-08FFh -ABANK9=0900h-09FFh \
  -ABANK10=0A00h-0AFFh -ABANK11=0B00h-0BFFh -ABANK12=0C00h-0CFFh \
  -ABANK13=0D00h-0DFFh -ABANK14=0E00h-0EFFh -ABANK15=0F00h-0F7Fh \
  -ASFR=0F80h-0FFFh -ABIGSFR=0F80h-0FFFh -ACONFIG=0300000h-030000Dh \
  -AIDLOC=0200000h-0200007h -AEEDATA=0F00000h-0F003FFh -peeprom_data=EEDATA \
  -preset_vec=00h,intcode=8h,intcodelo=18h,powerup,init -pramtop=01000h \
  -psmallconst=SMALLCONST -pmediumconst=MEDIUMCONST -pconst=CONST \
  -AFARRAM=00h-00h \
  -prdata=COMRAM,nvrram=COMRAM,nvbit=COMRAM,rbss=COMRAM,rbit=COMRAM \
  -pfarbss=FARRAM,fardata=FARRAM,nvFARRAM=FARRAM \
  -pintsave_regs=BIGRAM,bigbss=BIGRAM,bigdata=BIGRAM -pbss=RAM \
  -pidata=CODE,irdata=CODE,ibigdata=CODE,ifardata=CODE -prparam=COMRAM \
  C:\Users\ibrah\AppData\Local\Temp\xcBsje4.1\driver_tmp_14.o \
  dist/default/production\COTS_2.X.production.o 

Object code version is 3.11

Machine type is 18F4620



                Name                               Link     Load   Length Selector   Space Scale
C:\Users\ibrah\AppData\Local\Temp\xcBsje4.1\driver_tmp_14.o
                config                           300000   300000        E        0       4
                init                                420      420        4        C       0
                reset_vec                             0        0        4        0       0
dist/default/production\COTS_2.X.production.o
                intcodelo                            18       18      408        C       0
                intcode                               8        8        6        4       0
                config                           300000   300000        E        0       4
                temp                                 7C       7C        1        1       1
                smallconst                         1000     1000       9C      800       0
                text134                            5726     5726        4     29E5       0
                text133                            5722     5722        4     29E5       0
                text132                            571E     571E        4     29E5       0
                text131                            2DE8     2DE8      13E      84E       0
                text130                            47E0     47E0       70      84E       0
                text129                            4850     4850       6C      84E       0
                text128                            3B04     3B04       B4      84E       0
                text127                            3A50     3A50       B4      84E       0
                text126                            4062     4062       A2      84E       0
                text125                            4FEC     4FEC       44      84E       0
                text124                            458E     458E       82      84E       0
                text123                            3D18     3D18       AE      84E       0
                text122                            51D6     51D6       3A      84E       0
                text121                            52F0     52F0       38      84E       0
                text120                            4AA0     4AA0       5C      84E       0
                text119                            5466     5466       34     29E5       0
                text118                            5432     5432       34     29E5       0
                text117                            53FE     53FE       34     29E5       0
                text116                            423E     423E       9A      84E       0
                text115                            4AFC     4AFC       58      84E       0
                text114                            52B8     52B8       38      84E       0
                text113                            398E     398E       C2      84E       0
                text112                            53CA     53CA       34     29E5       0
                text111                            5736     5736        2     2B97       0
                text110                            342C     342C       CA      84E       0
                text109                            22B6     22B6      1F0      84E       0
                text108                            4D76     4D76       4A      84E       0
                text107                            5030     5030       42      84E       0
                text106                            5072     5072       40      84E       0
                text105                            4E08     4E08       48      84E       0
                text104                            4FA8     4FA8       44      84E       0
                text103                            1C6E     1C6E      254      84E       0
                text102                            43F4     43F4       8A      84E       0
                text101                            55BC     55BC       30     29E5       0
                text100                            558C     558C       30     29E5       0
                text99                             555C     555C       30     29E5       0
                text98                             571A     571A        4     29E5       0
                text97                             5716     5716        4     29E5       0
                text96                             5712     5712        4     29E5       0
                text95                             570E     570E        4     29E5       0
                text94                             5616     5616       2A     29E5       0
                text93                             56E4     56E4        6     29E5       0
                text92                             56C2     56C2        C     29E5       0
                text91                             570A     570A        4     29E5       0
                text90                             56D6     56D6        8     29E5       0
                text89                             5734     5734        2     2B97       0
                text88                             569C     569C       1A     29E5       0
                intcode_body                       16B4     16B4      338      84E       0
                text86                             5706     5706        4     29E5       0
                text85                             5702     5702        4     29E5       0
                text84                             56FE     56FE        4     29E5       0
                text83                             2CA4     2CA4      144      84E       0
                text82                             4686     4686       76      84E       0
                text81                             476E     476E       72      84E       0
                text80                             38CA     38CA       C4      84E       0
                text79                             3806     3806       C4      84E       0
                text78                             3E72     3E72       AC      84E       0
                text77                             4D2C     4D2C       4A      84E       0
                text76                             4506     4506       88      84E       0
                text75                             3C68     3C68       B0      84E       0
                text74                             50B2     50B2       3C      84E       0
                text73                             519C     519C       3A      84E       0
                text72                             4984     4984       64      84E       0
                text71                             5280     5280       38      84E       0
                text70                             5248     5248       38      84E       0
                text69                             5210     5210       38      84E       0
                text68                             4DC0     4DC0       48      84E       0
                text67                             3FC0     3FC0       A2      84E       0
                text66                             4A44     4A44       5C      84E       0
                text65                             5162     5162       3A      84E       0
                text64                             3742     3742       C4      84E       0
                text63                             535E     535E       36      84E       0
                text62                             5732     5732        2     2B97       0
                text61                             31CC     31CC       CC      84E       0
                text60                             20BC     20BC      1FA      84E       0
                text59                             4C46     4C46       4E      84E       0
                text58                             4E96     4E96       46      84E       0
                text57                             4F64     4F64       44      84E       0
                text56                             4CE0     4CE0       4C      84E       0
                text55                             19EC     19EC      282      84E       0
                text54                             41A2     41A2       9C      84E       0
                text53                             552C     552C       30     29E5       0
                text52                             54FC     54FC       30     29E5       0
                text51                             54CC     54CC       30     29E5       0
                text50                             56FA     56FA        4     29E5       0
                text49                             56F6     56F6        4     29E5       0
                text48                             56F2     56F2        4     29E5       0
                text47                             56EE     56EE        4     29E5       0
                text46                             55EC     55EC       2A     29E5       0
                text45                             56DE     56DE        6     29E5       0
                text44                             56B6     56B6        C     29E5       0
                text43                             56EA     56EA        4     29E5       0
                text42                             56CE     56CE        8     29E5       0
                text41                             5730     5730        2     2B97       0
                text40                             5682     5682       1A     29E5       0
                text38                             2B60     2B60      144      84E       0
                text37                             4E50     4E50       46      84E       0
                text36                             5128     5128       3A      84E       0
                text35                             4920     4920       64      84E       0
                text34                             2A0C     2A0C      154      84E       0
                text33                             4104     4104       9E      84E       0
                text32                             24A6     24A6      1EA      84E       0
                text31                             2F26     2F26       F2      84E       0
                text30                             109C     109C      618      84E       0
                text29                             549A     549A       32     29E5       0
                text28                             3018     3018       E8      84E       0
                text27                             5666     5666       1C     29E5       0
                text26                             4BF8     4BF8       4E      84E       0
                text25                             4610     4610       76      84E       0
                text24                             46FC     46FC       72      84E       0
                text23                             367E     367E       C4      84E       0
                text22                             286A     286A      1A2      84E       0
                text21                             35BA     35BA       C4      84E       0
                text20                             3F1E     3F1E       A2      84E       0
                text19                             3DC6     3DC6       AC      84E       0
                text18                             49E8     49E8       5C      84E       0
                text17                             50EE     50EE       3A      84E       0
                text16                             34F6     34F6       C4      84E       0
                text15                             3BB8     3BB8       B0      84E       0
                text14                             5328     5328       36      84E       0
                text13                             572E     572E        2     2B97       0
                text12                             3100     3100       CC      84E       0
                text11                             1EC2     1EC2      1FA      84E       0
                text10                             4BA8     4BA8       50      84E       0
                text9                              4C94     4C94       4C      84E       0
                text8                              4F20     4F20       44      84E       0
                text7                              4B54     4B54       54      84E       0
                text6                              4EDC     4EDC       44      84E       0
                text5                              4366     4366       8E      84E       0
                text4                              3362     3362       CA      84E       0
                text3                              3298     3298       CA      84E       0
                text2                              447E     447E       88      84E       0
                text1                              2690     2690      1DA      84E       0
                text0                              48BC     48BC       64      84E       0
                cstackCOMRAM                          1        1       3F        1       1
                cstackBANK0                          80       80       45       80       1
                cstackBANK1                         100      100       5B      100       1
                dataBANK1                           195      195       35      100       1
                bssBANK1                            15B      15B       3A      100       1
                dataBANK0                            C5       C5       26       80       1
                bssBANK0                             EB       EB        6       80       1
                dataCOMRAM                           79       79        3        1       1
                bssCOMRAM                            40       40       39        1       1
                cinit                              42D8     42D8       8E      84E       0
                idataBANK1                         5394     5394       35      84E       0
                idataBANK0                         5640     5640       26     29E5       0
                idataCOMRAM                        572A     572A        3     29E5       0

TOTAL           Name                               Link     Load   Length     Space
        CLASS   CODE           
                intcodelo                            18       18      408         0
                intcode                               8        8        6         0
                init                                420      420        4         0
                reset_vec                             0        0        4         0
                text134                            5726     5726        4         0
                text133                            5722     5722        4         0
                text132                            571E     571E        4         0
                text131                            2DE8     2DE8      13E         0
                text130                            47E0     47E0       70         0
                text129                            4850     4850       6C         0
                text128                            3B04     3B04       B4         0
                text127                            3A50     3A50       B4         0
                text126                            4062     4062       A2         0
                text125                            4FEC     4FEC       44         0
                text124                            458E     458E       82         0
                text123                            3D18     3D18       AE         0
                text122                            51D6     51D6       3A         0
                text121                            52F0     52F0       38         0
                text120                            4AA0     4AA0       5C         0
                text119                            5466     5466       34         0
                text118                            5432     5432       34         0
                text117                            53FE     53FE       34         0
                text116                            423E     423E       9A         0
                text115                            4AFC     4AFC       58         0
                text114                            52B8     52B8       38         0
                text113                            398E     398E       C2         0
                text112                            53CA     53CA       34         0
                text111                            5736     5736        2         0
                text110                            342C     342C       CA         0
                text109                            22B6     22B6      1F0         0
                text108                            4D76     4D76       4A         0
                text107                            5030     5030       42         0
                text106                            5072     5072       40         0
                text105                            4E08     4E08       48         0
                text104                            4FA8     4FA8       44         0
                text103                            1C6E     1C6E      254         0
                text102                            43F4     43F4       8A         0
                text101                            55BC     55BC       30         0
                text100                            558C     558C       30         0
                text99                             555C     555C       30         0
                text98                             571A     571A        4         0
                text97                             5716     5716        4         0
                text96                             5712     5712        4         0
                text95                             570E     570E        4         0
                text94                             5616     5616       2A         0
                text93                             56E4     56E4        6         0
                text92                             56C2     56C2        C         0
                text91                             570A     570A        4         0
                text90                             56D6     56D6        8         0
                text89                             5734     5734        2         0
                text88                             569C     569C       1A         0
                intcode_body                       16B4     16B4      338         0
                text86                             5706     5706        4         0
                text85                             5702     5702        4         0
                text84                             56FE     56FE        4         0
                text83                             2CA4     2CA4      144         0
                text82                             4686     4686       76         0
                text81                             476E     476E       72         0
                text80                             38CA     38CA       C4         0
                text79                             3806     3806       C4         0
                text78                             3E72     3E72       AC         0
                text77                             4D2C     4D2C       4A         0
                text76                             4506     4506       88         0
                text75                             3C68     3C68       B0         0
                text74                             50B2     50B2       3C         0
                text73                             519C     519C       3A         0
                text72                             4984     4984       64         0
                text71                             5280     5280       38         0
                text70                             5248     5248       38         0
                text69                             5210     5210       38         0
                text68                             4DC0     4DC0       48         0
                text67                             3FC0     3FC0       A2         0
                text66                             4A44     4A44       5C         0
                text65                             5162     5162       3A         0
                text64                             3742     3742       C4         0
                text63                             535E     535E       36         0
                text62                             5732     5732        2         0
                text61                             31CC     31CC       CC         0
                text60                             20BC     20BC      1FA         0
                text59                             4C46     4C46       4E         0
                text58                             4E96     4E96       46         0
                text57                             4F64     4F64       44         0
                text56                             4CE0     4CE0       4C         0
                text55                             19EC     19EC      282         0
                text54                             41A2     41A2       9C         0
                text53                             552C     552C       30         0
                text52                             54FC     54FC       30         0
                text51                             54CC     54CC       30         0
                text50                             56FA     56FA        4         0
                text49                             56F6     56F6        4         0
                text48                             56F2     56F2        4         0
                text47                             56EE     56EE        4         0
                text46                             55EC     55EC       2A         0
                text45                             56DE     56DE        6         0
                text44                             56B6     56B6        C         0
                text43                             56EA     56EA        4         0
                text42                             56CE     56CE        8         0
                text41                             5730     5730        2         0
                text40                             5682     5682       1A         0
                text38                             2B60     2B60      144         0
                text37                             4E50     4E50       46         0
                text36                             5128     5128       3A         0
                text35                             4920     4920       64         0
                text34                             2A0C     2A0C      154         0
                text33                             4104     4104       9E         0
                text32                             24A6     24A6      1EA         0
                text31                             2F26     2F26       F2         0
                text30                             109C     109C      618         0
                text29                             549A     549A       32         0
                text28                             3018     3018       E8         0
                text27                             5666     5666       1C         0
                text26                             4BF8     4BF8       4E         0
                text25                             4610     4610       76         0
                text24                             46FC     46FC       72         0
                text23                             367E     367E       C4         0
                text22                             286A     286A      1A2         0
                text21                             35BA     35BA       C4         0
                text20                             3F1E     3F1E       A2         0
                text19                             3DC6     3DC6       AC         0
                text18                             49E8     49E8       5C         0
                text17                             50EE     50EE       3A         0
                text16                             34F6     34F6       C4         0
                text15                             3BB8     3BB8       B0         0
                text14                             5328     5328       36         0
                text13                             572E     572E        2         0
                text12                             3100     3100       CC         0
                text11                             1EC2     1EC2      1FA         0
                text10                             4BA8     4BA8       50         0
                text9                              4C94     4C94       4C         0
                text8                              4F20     4F20       44         0
                text7                              4B54     4B54       54         0
                text6                              4EDC     4EDC       44         0
                text5                              4366     4366       8E         0
                text4                              3362     3362       CA         0
                text3                              3298     3298       CA         0
                text2                              447E     447E       88         0
                text1                              2690     2690      1DA         0
                text0                              48BC     48BC       64         0
                cinit                              42D8     42D8       8E         0
                idataBANK1                         5394     5394       35         0
                idataBANK0                         5640     5640       26         0
                idataCOMRAM                        572A     572A        3         0

        CLASS   CONST          

        CLASS   SMALLCONST     
                smallconst                         1000     1000       9C         0

        CLASS   MEDIUMCONST    

        CLASS   COMRAM         
                temp                                 7C       7C        1         1
                cstackCOMRAM                          1        1       3F         1
                dataCOMRAM                           79       79        3         1
                bssCOMRAM                            40       40       39         1

        CLASS   ABS1           

        CLASS   BIGRAM         

        CLASS   RAM            

        CLASS   BANK0          
                cstackBANK0                          80       80       45         1
                dataBANK0                            C5       C5       26         1
                bssBANK0                             EB       EB        6         1

        CLASS   BANK1          
                cstackBANK1                         100      100       5B         1
                dataBANK1                           195      195       35         1
                bssBANK1                            15B      15B       3A         1

        CLASS   BANK2          

        CLASS   BANK3          

        CLASS   BANK4          

        CLASS   BANK5          

        CLASS   BANK6          

        CLASS   BANK7          

        CLASS   BANK8          

        CLASS   BANK9          

        CLASS   BANK10         

        CLASS   BANK11         

        CLASS   BANK12         

        CLASS   BANK13         

        CLASS   BANK14         

        CLASS   BANK15         

        CLASS   SFR            

        CLASS   BIGSFR         

        CLASS   CONFIG         
                config                           300000   300000        E         4

        CLASS   IDLOC          

        CLASS   EEDATA         

        CLASS   FARRAM         

        CLASS   HEAP           

        CLASS   STACK          



SEGMENTS        Name                           Load    Length   Top    Selector   Space  Class

                reset_vec                      000000  000004  000004         0       0  CODE    
                cstackCOMRAM                   000001  00007C  00007D         1       1  COMRAM  
                intcode                        000008  000006  00000E         4       0  CODE    
                intcodelo                      000018  00040C  000424         C       0  CODE    
                cstackBANK0                    000080  000071  0000F1        80       1  BANK0   
                cstackBANK1                    000100  0000CA  0001CA       100       1  BANK1   
                smallconst                     001000  00009C  00109C       800       0  SMALLCON
                text30                         00109C  00432D  0053C9       84E       0  CODE    
                text112                        0053CA  000363  00572D      29E5       0  CODE    
                text13                         00572E  00000A  005738      2B97       0  CODE    


UNUSED ADDRESS RANGES

        Name                Unused          Largest block    Delta
        BANK0            0000F1-0000FF                F
        BANK1            0001CA-0001FF               36
        BANK10           000A00-000AFF              100
        BANK11           000B00-000BFF              100
        BANK12           000C00-000CFF              100
        BANK13           000D00-000DFF              100
        BANK14           000E00-000EFF              100
        BANK15           000F00-000F7F               80
        BANK2            000200-0002FF              100
        BANK3            000300-0003FF              100
        BANK4            000400-0004FF              100
        BANK5            000500-0005FF              100
        BANK6            000600-0006FF              100
        BANK7            000700-0007FF              100
        BANK8            000800-0008FF              100
        BANK9            000900-0009FF              100
        BIGRAM           00007D-00007F                3
                         0000F1-0000FF                F
                         0001CA-000F7F              DB6
        BIGSFR           000F80-000FFF               80
        CODE             000004-000007                4
                         00000E-000017                A
                         000424-000FFF              BDC
                         0053C9-0053C9                1
                         00572D-00572D                1
                         005738-00FFFF             A8C8
        COMRAM           00007D-00007F                3
        CONST            000004-000007                4
                         00000E-000017                A
                         000424-000FFF              BDC
                         0053C9-0053C9                1
                         00572D-00572D                1
                         005738-00FFFF             A8C8
        EEDATA           F00000-F003FF              400
        IDLOC            200000-200007                8
        MEDIUMCONST      0053C9-0053C9                1
                         00572D-00572D                1
                         005738-00FFFF             A8C8
        RAM              0000F1-0000FF                F
                         0001CA-000F7F              100
        SFR              000F80-000FFF               80
        SMALLCONST       0053C9-0053C9                1
                         00572D-00572D                1
                         005738-00FFFF              100

                                  Symbol Table

?___awdiv                                       cstackBANK1  000119
?___awmod                                       cstackBANK1  000119
?___lodiv                                       cstackBANK1  000119
?_abs                                           cstackBANK1  00011F
?_sprintf                                       cstackBANK1  000138
?_vfprintf                                      cstackBANK1  000132
?i1___awdiv                                     cstackBANK0  00008E
?i1___awmod                                     cstackBANK0  00008E
?i1_abs                                         cstackBANK0  000094
?i1_sprintf                                     cstackBANK0  0000AD
?i1_vfprintf                                    cstackBANK0  0000A7
?i2___awdiv                                     cstackCOMRAM 000001
?i2___awmod                                     cstackCOMRAM 000001
?i2_abs                                         cstackCOMRAM 000007
?i2_sprintf                                     cstackCOMRAM 000020
?i2_vfprintf                                    cstackCOMRAM 00001A
AD9833_init@AD9833_obj                          cstackBANK1  000132
AD9833_init@ret                                 cstackBANK1  000152
AD9833_send_data_blocking@AD9833_obj            cstackBANK1  000122
AD9833_send_data_blocking@command               cstackBANK1  000124
AD9833_set_sine_waveform@AD9833_obj             cstackBANK0  00009B
AD9833_set_sine_waveform@ret                    cstackBANK0  00009D
AD9833_set_square_waveform@AD9833_obj           cstackBANK0  00009B
AD9833_set_square_waveform@ret                  cstackBANK0  00009D
AD9833_set_triangle_waveform@AD9833_obj         cstackBANK0  00009B
AD9833_set_triangle_waveform@ret                cstackBANK0  00009D
ADC_input_pin@input_channel                     cstackBANK1  00011B
ADC_input_pin@ret                               cstackBANK1  00011C
ADC_read_channel_blocking@channel               cstackBANK1  00011F
ADC_read_channel_blocking@result                cstackBANK1  00011D
ADC_read_conversion@result                      cstackBANK1  000119
ECU_LCD_4bit_init@L_counter                     cstackBANK1  000133
ECU_LCD_4bit_init@lcd                           cstackBANK1  00012F
ECU_LCD_4bit_init@ret                           cstackBANK1  000134
ECU_LCD_4bit_send_command@command               cstackBANK1  00012D
ECU_LCD_4bit_send_command@lcd                   cstackBANK1  00012B
ECU_LCD_4bit_send_command@ret                   cstackBANK1  00012E
ECU_LCD_4bit_send_data@data                     cstackBANK1  00012D
ECU_LCD_4bit_send_data@lcd                      cstackBANK1  00012B
ECU_LCD_4bit_send_data@ret                      cstackBANK1  00012E
ECU_LCD_4bit_send_data_with_pos@col             cstackBANK0  0000AD
ECU_LCD_4bit_send_data_with_pos@data            cstackBANK0  0000AB
ECU_LCD_4bit_send_data_with_pos@lcd             cstackBANK0  0000A9
ECU_LCD_4bit_send_data_with_pos@ret             cstackBANK0  0000AE
ECU_LCD_4bit_send_data_with_pos@row             cstackBANK0  0000AC
ECU_LCD_4bit_send_number_with_pos@col           cstackBANK1  000157
ECU_LCD_4bit_send_number_with_pos@lcd           cstackBANK1  000150
ECU_LCD_4bit_send_number_with_pos@number        cstackBANK1  000152
ECU_LCD_4bit_send_number_with_pos@ret           cstackBANK1  000158
ECU_LCD_4bit_send_number_with_pos@row           cstackBANK1  000156
ECU_LCD_4bit_send_special_character@L_counter   cstackBANK0  0000B5
ECU_LCD_4bit_send_special_character@character   cstackBANK0  0000B1
ECU_LCD_4bit_send_special_character@col         cstackBANK0  0000B3
ECU_LCD_4bit_send_special_character@lcd         cstackBANK0  0000AF
ECU_LCD_4bit_send_special_character@mem_pos     cstackBANK0  0000B4
ECU_LCD_4bit_send_special_character@row         cstackBANK0  0000B2
ECU_LCD_4bit_send_string@lcd                    cstackBANK1  00012F
ECU_LCD_4bit_send_string@ret                    cstackBANK1  000133
ECU_LCD_4bit_send_string@string                 cstackBANK1  000131
ECU_LCD_4bit_send_string_with_pos@col           cstackBANK1  000139
ECU_LCD_4bit_send_string_with_pos@lcd           cstackBANK1  000134
ECU_LCD_4bit_send_string_with_pos@ret           cstackBANK1  00013A
ECU_LCD_4bit_send_string_with_pos@row           cstackBANK1  000138
ECU_LCD_4bit_send_string_with_pos@string        cstackBANK1  000136
ECU_LCD_4bit_set_cursor@col                     cstackBANK1  000132
ECU_LCD_4bit_set_cursor@lcd                     cstackBANK1  00012F
ECU_LCD_4bit_set_cursor@ret                     cstackBANK1  000133
ECU_LCD_4bit_set_cursor@row                     cstackBANK1  000131
EEPROM_read_data@address                        cstackBANK1  00011B
EEPROM_read_data@data                           cstackBANK1  000119
EEPROM_read_data@ret                            cstackBANK1  00011C
EEPROM_write_data@address                       cstackBANK0  00008E
EEPROM_write_data@data                          cstackBANK0  000090
EEPROM_write_data@global_interrupt_state        cstackBANK0  000091
EXTERNAL_INTERRUPT_INTx_init@interrupt_pin      cstackBANK1  00012A
EXTERNAL_INTERRUPT_INTx_init@ret                cstackBANK1  00012D
GPIO_PIN_enable_direction@direction             cstackBANK1  00011B
GPIO_PIN_enable_direction@pin                   cstackBANK1  000119
GPIO_PIN_enable_direction@ret                   cstackBANK1  000122
GPIO_PIN_initialize@pin                         cstackBANK1  000123
GPIO_PIN_initialize@ret                         cstackBANK1  000126
GPIO_PIN_write_logic@logic                      cstackBANK1  00011B
GPIO_PIN_write_logic@pin                        cstackBANK1  000119
GPIO_PIN_write_logic@ret                        cstackBANK1  000121
INTERRUPT_INT0_init@interrupt_pin               cstackBANK1  000127
INTERRUPT_INT0_init@ret                         cstackBANK1  000129
INTERRUPT_INT1_init@interrupt_pin               cstackBANK1  000127
INTERRUPT_INT1_init@ret                         cstackBANK1  000129
INTERRUPT_INT2_init@interrupt_pin               cstackBANK1  000127
INTERRUPT_INT2_init@ret                         cstackBANK1  000129
LCD_send_higher_nibble@L_counter                cstackBANK1  00012A
LCD_send_higher_nibble@command_or_data          cstackBANK1  000124
LCD_send_higher_nibble@lcd                      cstackBANK1  000122
LCD_send_higher_nibble@ret                      cstackBANK1  000129
LCD_send_lower_nibble@L_counter                 cstackBANK1  00012A
LCD_send_lower_nibble@command_or_data           cstackBANK1  000124
LCD_send_lower_nibble@lcd                       cstackBANK1  000122
LCD_send_lower_nibble@ret                       cstackBANK1  000129
SPI_init@SPI_obj                                cstackBANK1  000127
SPI_init@ret                                    cstackBANK1  00012A
SPI_send_16bit_data_blocking@SPI_obj            cstackBANK1  00011D
SPI_send_16bit_data_blocking@data               cstackBANK1  00011F
SPI_send_data_blocking@SPI_obj                  cstackBANK1  000119
SPI_send_data_blocking@data                     cstackBANK1  00011B
SPI_send_data_blocking@ret                      cstackBANK1  00011C
_AD9833_init                                    text30       00109C
_AD9833_init$4423                               cstackBANK1  000150
_AD9833_init$4424                               cstackBANK1  000151
_AD9833_send_data_blocking                      text35       004920
_AD9833_set_sine_waveform                       text71       005280
_AD9833_set_square_waveform                     text70       005248
_AD9833_set_triangle_waveform                   text69       005210
_ADCON0bits                                     (abs)        000FC2
_ADCON1bits                                     (abs)        000FC1
_ADCON2bits                                     (abs)        000FC0
_ADC_ISR                                        text86       005706
_ADC_ISR_PTR                                    bssCOMRAM    00006C
_ADC_init                                       text29       00549A
_ADC_input_pin                                  text28       003018
_ADC_read_channel_blocking                      text26       004BF8
_ADC_read_conversion                            text27       005666
_ADRESH                                         (abs)        000FC4
_ADRESL                                         (abs)        000FC3
_BAUDCONbits                                    (abs)        000FB8
_CCP1CONbits                                    (abs)        000FBD
_CCP1_INTERRUPT_HANDLER                         text85       005702
_CCP1_ISR_ptr                                   bssCOMRAM    000066
_CCP1_ONE_INIT                                  bssCOMRAM    00006A
_CCP1_pin_config                                dataCOMRAM   00007B
_CCP2CONbits                                    (abs)        000FBA
_CCP2_INTERRUPT_HANDLER                         text84       0056FE
_CCP2_ISR_ptr                                   bssCOMRAM    000064
_CCP2_ONE_INIT                                  bssCOMRAM    000068
_CCP2_pin_config                                dataCOMRAM   00007A
_CCPR1H                                         (abs)        000FBF
_CCPR1L                                         (abs)        000FBE
_CCPR2H                                         (abs)        000FBC
_CCPR2L                                         (abs)        000FBB
_CURSOR_button                                  dataBANK0    0000E1
_ECU_LCD_4bit_init                              text22       00286A
_ECU_LCD_4bit_send_command                      text23       00367E
_ECU_LCD_4bit_send_data                         text21       0035BA
_ECU_LCD_4bit_send_data_with_pos                text77       004D2C
_ECU_LCD_4bit_send_number_with_pos              text7        004B54
_ECU_LCD_4bit_send_special_character            text76       004506
_ECU_LCD_4bit_send_string                       text20       003F1E
_ECU_LCD_4bit_send_string_with_pos              text18       0049E8
_ECU_LCD_4bit_set_cursor                        text19       003DC6
_EEADR                                          (abs)        000FA9
_EEADRH                                         (abs)        000FAA
_EECON1bits                                     (abs)        000FA6
_EECON2                                         (abs)        000FA7
_EEDATA                                         (abs)        000FA8
_EEPROM_read_data                               text6        004EDC
_EEPROM_write_data                              text68       004DC0
_EXTERNAL_INTERRUPT_INTx_init                   text2        00447E
_GPIO_PIN_enable_direction                      text34       002A0C
_GPIO_PIN_initialize                            text33       004104
_GPIO_PIN_write_logic                           text38       002B60
_INT0_pin_config                                dataBANK1    0001C7
_INT1_pin_config                                dataBANK1    0001C6
_INT2_pin_config                                dataBANK1    0001C5
_INTCON2bits                                    (abs)        000FF1
_INTCON3bits                                    (abs)        000FF0
_INTCONbits                                     (abs)        000FF2
_INTERRUPT_INT0_init                            text5        004366
_INTERRUPT_INT1_init                            text4        003362
_INTERRUPT_INT2_init                            text3        003298
_IPR1bits                                       (abs)        000F9F
_IPR2bits                                       (abs)        000FA2
_ISR_HIGH_Manager                               intcode      000008
_ISR_INT0                                       text53       00552C
_ISR_INT0_ptr                                   bssBANK1     000185
_ISR_INT1                                       text52       0054FC
_ISR_INT1_ptr                                   bssBANK1     000183
_ISR_INT2                                       text51       0054CC
_ISR_INT2_ptr                                   bssBANK1     000181
_ISR_LOW_Manager                                intcodelo    000018
_ISR_RB4                                        text50       0056FA
_ISR_RB4_ptr                                    bssCOMRAM    000058
_ISR_RB5                                        text49       0056F6
_ISR_RB5_ptr                                    bssCOMRAM    000056
_ISR_RB6                                        text48       0056F2
_ISR_RB6_ptr                                    bssCOMRAM    000054
_ISR_RB7                                        text47       0056EE
_ISR_RB7_ptr                                    bssCOMRAM    000052
_LAT_registers                                  dataBANK0    0000C5
_LCD_send_higher_nibble                         text25       004610
_LCD_send_lower_nibble                          text24       0046FC
_OK_button                                      dataBANK0    0000E6
_PIE1bits                                       (abs)        000F9D
_PIE2bits                                       (abs)        000FA0
_PIR1bits                                       (abs)        000F9E
_PIR2bits                                       (abs)        000FA1
_PORTBbits                                      (abs)        000F81
_PORT_registers                                 dataBANK0    0000CF
_PR2                                            (abs)        000FCB
_RB4_pin_config                                 dataBANK1    0001C4
_RB4_state                                      bssCOMRAM    000075
_RB5_pin_config                                 dataBANK1    0001C3
_RB5_state                                      bssCOMRAM    000074
_RB6_pin_config                                 dataBANK1    0001C2
_RB6_state                                      bssCOMRAM    000073
_RB7_pin_config                                 dataBANK1    0001C1
_RB7_state                                      bssCOMRAM    000072
_RCONbits                                       (abs)        000FD0
_RCREG                                          (abs)        000FAE
_RCSTA1bits                                     (abs)        000FAB
_RX_INTERRUPT_HANDLER                           text46       0055EC
_RX_frame_error_handler_ptr                     bssCOMRAM    00005E
_RX_isr_ptr                                     bssCOMRAM    000060
_RX_over_run_error_handler_ptr                  bssCOMRAM    00005C
_RX_pin                                         dataBANK1    0001C8
_SCK_pin                                        dataBANK1    0001BF
_SDO_pin                                        dataBANK1    0001C0
_SPBRG                                          (abs)        000FAF
_SPI_INTERRUPT_HANDLER                          text45       0056DE
_SPI_init                                       text32       0024A6
_SPI_isr_ptr                                    bssBANK1     00017F
_SPI_send_16bit_data_blocking                   text36       005128
_SPI_send_data_blocking                         text37       004E50
_SSPBUF                                         (abs)        000FC9
_SSPCON1bits                                    (abs)        000FC6
_SSPSTATbits                                    (abs)        000FC7
_SS_pin                                         dataBANK1    0001BE
_T0CONbits                                      (abs)        000FD5
_T1CONbits                                      (abs)        000FCD
_T2CONbits                                      (abs)        000FCA
_T3CONbits                                      (abs)        000FB1
_TIMER0_INTERRUPT_HANDLER                       text44       0056B6
_TIMER0_ISR                                     bssCOMRAM    000050
_TIMER1_INTERRUPT_HANDLER                       text43       0056EA
_TIMER1_ISR                                     bssCOMRAM    00004C
_TIMER2_INTERRUPT_HANDLER                       text42       0056CE
_TIMER2_ISR                                     bssCOMRAM    000048
_TIMER3_INTERRUPT_HANDLER                       text41       005730
_TIMER3_ISR_PTR                                 bssCOMRAM    000046
_TMR0H                                          (abs)        000FD7
_TMR0L                                          (abs)        000FD6
_TMR1H                                          (abs)        000FCF
_TMR1L                                          (abs)        000FCE
_TMR2                                           (abs)        000FCC
_TMR3H                                          (abs)        000FB3
_TMR3L                                          (abs)        000FB2
_TRISA                                          (abs)        000F92
_TRISB                                          (abs)        000F93
_TRISE                                          (abs)        000F96
_TRIS_registers                                 dataBANK1    0001A5
_TXREG                                          (abs)        000FAD
_TXSTA1bits                                     (abs)        000FAC
_TXSTAbits                                      (abs)        000FAC
_TX_INTERRUPT_HANDLER                           text40       005682
_TX_isr_ptr                                     bssCOMRAM    000062
_TX_pin                                         dataBANK1    0001C9
_Wave_form_lcd                                  dataBANK1    0001B8
__HRAM                                          (abs)        000000
__H__absolute__                                 __absolute__ 000000
__Habs1                                         abs1         000000
__Hbank0                                        bank0        000000
__Hbank1                                        bank1        000000
__Hbank10                                       bank10       000000
__Hbank11                                       bank11       000000
__Hbank12                                       bank12       000000
__Hbank13                                       bank13       000000
__Hbank14                                       bank14       000000
__Hbank15                                       bank15       000000
__Hbank2                                        bank2        000000
__Hbank3                                        bank3        000000
__Hbank4                                        bank4        000000
__Hbank5                                        bank5        000000
__Hbank6                                        bank6        000000
__Hbank7                                        bank7        000000
__Hbank8                                        bank8        000000
__Hbank9                                        bank9        000000
__Hbigbss                                       bigbss       000000
__Hbigdata                                      bigdata      000000
__Hbigram                                       bigram       000000
__Hbigsfr                                       bigsfr       000000
__Hbss                                          bss          000000
__HbssBANK0                                     bssBANK0     000000
__HbssBANK1                                     bssBANK1     000000
__HbssCOMRAM                                    bssCOMRAM    000000
__Hcinit                                        cinit        000000
__Hclrtext                                      clrtext      000000
__Hcomram                                       comram       000000
__Hconfig                                       config       30000E
__Hconst                                        const        000000
__HcstackBANK0                                  cstackBANK0  000000
__HcstackBANK1                                  cstackBANK1  000000
__HcstackCOMRAM                                 cstackCOMRAM 000000
__Hdata                                         data         000000
__HdataBANK0                                    dataBANK0    000000
__HdataBANK1                                    dataBANK1    000000
__HdataCOMRAM                                   dataCOMRAM   000000
__Heeprom_data                                  eeprom_data  000000
__Hfarbss                                       farbss       000000
__Hfardata                                      fardata      000000
__Hheap                                         heap         000000
__Hibigdata                                     ibigdata     000000
__Hidata                                        idata        000000
__HidataBANK0                                   idataBANK0   000000
__HidataBANK1                                   idataBANK1   000000
__HidataCOMRAM                                  idataCOMRAM  000000
__Hidloc                                        idloc        000000
__Hifardata                                     ifardata     000000
__Hinit                                         init         000424
__Hintcode                                      intcode      00000E
__Hintcode_body                                 intcode_body 000000
__Hintcodelo                                    intcodelo    000420
__Hintentry                                     intentry     000000
__Hintret                                       intret       000000
__Hintsave_regs                                 intsave_regs 000000
__Hirdata                                       irdata       000000
__Hmediumconst                                  mediumconst  000000
__HnvFARRAM                                     nvFARRAM     000000
__Hnvbit                                        nvbit        000000
__Hnvrram                                       nvrram       000000
__Hparam                                        rparam       000000
__Hpowerup                                      powerup      000420
__Hram                                          ram          000000
__Hramtop                                       ramtop       001000
__Hrbit                                         rbit         000000
__Hrbss                                         rbss         000000
__Hrdata                                        rdata        000000
__Hreset_vec                                    reset_vec    000004
__Hrparam                                       rparam       000000
__Hsfr                                          sfr          000000
__Hsivt_hi                                      sivt_hi      000000
__Hsivt_lo                                      sivt_lo      000000
__Hsmallconst                                   smallconst   00109C
__Hspace_0                                      (abs)        005738
__Hspace_1                                      (abs)        0001CA
__Hspace_2                                      (abs)        000000
__Hspace_4                                      (abs)        60000E
__Hstack                                        stack        000000
__Hstruct                                       struct       000000
__Htemp                                         temp         00007D
__Htext                                         text         000000
__Htext0                                        text0        000000
__Htext1                                        text1        000000
__Htext10                                       text10       000000
__Htext100                                      text100      000000
__Htext101                                      text101      000000
__Htext102                                      text102      000000
__Htext103                                      text103      000000
__Htext104                                      text104      000000
__Htext105                                      text105      000000
__Htext106                                      text106      000000
__Htext107                                      text107      000000
__Htext108                                      text108      000000
__Htext109                                      text109      000000
__Htext11                                       text11       000000
__Htext110                                      text110      000000
__Htext111                                      text111      000000
__Htext112                                      text112      000000
__Htext113                                      text113      000000
__Htext114                                      text114      000000
__Htext115                                      text115      000000
__Htext116                                      text116      000000
__Htext117                                      text117      000000
__Htext118                                      text118      000000
__Htext119                                      text119      000000
__Htext12                                       text12       000000
__Htext120                                      text120      000000
__Htext121                                      text121      000000
__Htext122                                      text122      000000
__Htext123                                      text123      000000
__Htext124                                      text124      000000
__Htext125                                      text125      000000
__Htext126                                      text126      000000
__Htext127                                      text127      000000
__Htext128                                      text128      000000
__Htext129                                      text129      000000
__Htext13                                       text13       000000
__Htext130                                      text130      000000
__Htext131                                      text131      000000
__Htext132                                      text132      000000
__Htext133                                      text133      000000
__Htext134                                      text134      000000
__Htext14                                       text14       000000
__Htext15                                       text15       000000
__Htext16                                       text16       000000
__Htext17                                       text17       000000
__Htext18                                       text18       000000
__Htext19                                       text19       000000
__Htext2                                        text2        000000
__Htext20                                       text20       000000
__Htext21                                       text21       000000
__Htext22                                       text22       000000
__Htext23                                       text23       000000
__Htext24                                       text24       000000
__Htext25                                       text25       000000
__Htext26                                       text26       000000
__Htext27                                       text27       000000
__Htext28                                       text28       000000
__Htext29                                       text29       000000
__Htext3                                        text3        000000
__Htext30                                       text30       000000
__Htext31                                       text31       000000
__Htext32                                       text32       000000
__Htext33                                       text33       000000
__Htext34                                       text34       000000
__Htext35                                       text35       000000
__Htext36                                       text36       000000
__Htext37                                       text37       000000
__Htext38                                       text38       000000
__Htext4                                        text4        000000
__Htext40                                       text40       000000
__Htext41                                       text41       000000
__Htext42                                       text42       000000
__Htext43                                       text43       000000
__Htext44                                       text44       000000
__Htext45                                       text45       000000
__Htext46                                       text46       000000
__Htext47                                       text47       000000
__Htext48                                       text48       000000
__Htext49                                       text49       000000
__Htext5                                        text5        000000
__Htext50                                       text50       000000
__Htext51                                       text51       000000
__Htext52                                       text52       000000
__Htext53                                       text53       000000
__Htext54                                       text54       000000
__Htext55                                       text55       000000
__Htext56                                       text56       000000
__Htext57                                       text57       000000
__Htext58                                       text58       000000
__Htext59                                       text59       000000
__Htext6                                        text6        000000
__Htext60                                       text60       000000
__Htext61                                       text61       000000
__Htext62                                       text62       000000
__Htext63                                       text63       000000
__Htext64                                       text64       000000
__Htext65                                       text65       000000
__Htext66                                       text66       000000
__Htext67                                       text67       000000
__Htext68                                       text68       000000
__Htext69                                       text69       000000
__Htext7                                        text7        000000
__Htext70                                       text70       000000
__Htext71                                       text71       000000
__Htext72                                       text72       000000
__Htext73                                       text73       000000
__Htext74                                       text74       000000
__Htext75                                       text75       000000
__Htext76                                       text76       000000
__Htext77                                       text77       000000
__Htext78                                       text78       000000
__Htext79                                       text79       000000
__Htext8                                        text8        000000
__Htext80                                       text80       000000
__Htext81                                       text81       000000
__Htext82                                       text82       000000
__Htext83                                       text83       000000
__Htext84                                       text84       000000
__Htext85                                       text85       000000
__Htext86                                       text86       000000
__Htext88                                       text88       000000
__Htext89                                       text89       000000
__Htext9                                        text9        000000
__Htext90                                       text90       000000
__Htext91                                       text91       000000
__Htext92                                       text92       000000
__Htext93                                       text93       000000
__Htext94                                       text94       000000
__Htext95                                       text95       000000
__Htext96                                       text96       000000
__Htext97                                       text97       000000
__Htext98                                       text98       000000
__Htext99                                       text99       000000
__LRAM                                          (abs)        000001
__L__absolute__                                 __absolute__ 000000
__Labs1                                         abs1         000000
__Lbank0                                        bank0        000000
__Lbank1                                        bank1        000000
__Lbank10                                       bank10       000000
__Lbank11                                       bank11       000000
__Lbank12                                       bank12       000000
__Lbank13                                       bank13       000000
__Lbank14                                       bank14       000000
__Lbank15                                       bank15       000000
__Lbank2                                        bank2        000000
__Lbank3                                        bank3        000000
__Lbank4                                        bank4        000000
__Lbank5                                        bank5        000000
__Lbank6                                        bank6        000000
__Lbank7                                        bank7        000000
__Lbank8                                        bank8        000000
__Lbank9                                        bank9        000000
__Lbigbss                                       bigbss       000000
__Lbigdata                                      bigdata      000000
__Lbigram                                       bigram       000000
__Lbigsfr                                       bigsfr       000000
__Lbss                                          bss          000000
__LbssBANK0                                     bssBANK0     000000
__LbssBANK1                                     bssBANK1     000000
__LbssCOMRAM                                    bssCOMRAM    000000
__Lcinit                                        cinit        000000
__Lclrtext                                      clrtext      000000
__Lcomram                                       comram       000000
__Lconfig                                       config       000000
__Lconst                                        const        000000
__LcstackBANK0                                  cstackBANK0  000000
__LcstackBANK1                                  cstackBANK1  000000
__LcstackCOMRAM                                 cstackCOMRAM 000000
__Ldata                                         data         000000
__LdataBANK0                                    dataBANK0    000000
__LdataBANK1                                    dataBANK1    000000
__LdataCOMRAM                                   dataCOMRAM   000000
__Leeprom_data                                  eeprom_data  000000
__Lfarbss                                       farbss       000000
__Lfardata                                      fardata      000000
__Lheap                                         heap         000000
__Libigdata                                     ibigdata     000000
__Lidata                                        idata        000000
__LidataBANK0                                   idataBANK0   000000
__LidataBANK1                                   idataBANK1   000000
__LidataCOMRAM                                  idataCOMRAM  000000
__Lidloc                                        idloc        000000
__Lifardata                                     ifardata     000000
__Linit                                         init         000420
__Lintcode                                      intcode      000008
__Lintcode_body                                 intcode_body 000000
__Lintcodelo                                    intcodelo    000018
__Lintentry                                     intentry     000000
__Lintret                                       intret       000000
__Lintsave_regs                                 intsave_regs 000000
__Lirdata                                       irdata       000000
__Lmediumconst                                  mediumconst  000000
__LnvFARRAM                                     nvFARRAM     000000
__Lnvbit                                        nvbit        000000
__Lnvrram                                       nvrram       000000
__Lparam                                        rparam       000000
__Lpowerup                                      powerup      000420
__Lram                                          ram          000000
__Lramtop                                       ramtop       001000
__Lrbit                                         rbit         000000
__Lrbss                                         rbss         000000
__Lrdata                                        rdata        000000
__Lreset_vec                                    reset_vec    000000
__Lrparam                                       rparam       000000
__Lsfr                                          sfr          000000
__Lsivt_hi                                      sivt_hi      000000
__Lsivt_lo                                      sivt_lo      000000
__Lsmallconst                                   smallconst   001000
__Lspace_0                                      (abs)        000000
__Lspace_1                                      (abs)        000000
__Lspace_2                                      (abs)        000000
__Lspace_4                                      (abs)        000000
__Lstack                                        stack        000000
__Lstruct                                       struct       000000
__Ltemp                                         temp         00007C
__Ltext                                         text         000000
__Ltext0                                        text0        000000
__Ltext1                                        text1        000000
__Ltext10                                       text10       000000
__Ltext100                                      text100      000000
__Ltext101                                      text101      000000
__Ltext102                                      text102      000000
__Ltext103                                      text103      000000
__Ltext104                                      text104      000000
__Ltext105                                      text105      000000
__Ltext106                                      text106      000000
__Ltext107                                      text107      000000
__Ltext108                                      text108      000000
__Ltext109                                      text109      000000
__Ltext11                                       text11       000000
__Ltext110                                      text110      000000
__Ltext111                                      text111      000000
__Ltext112                                      text112      000000
__Ltext113                                      text113      000000
__Ltext114                                      text114      000000
__Ltext115                                      text115      000000
__Ltext116                                      text116      000000
__Ltext117                                      text117      000000
__Ltext118                                      text118      000000
__Ltext119                                      text119      000000
__Ltext12                                       text12       000000
__Ltext120                                      text120      000000
__Ltext121                                      text121      000000
__Ltext122                                      text122      000000
__Ltext123                                      text123      000000
__Ltext124                                      text124      000000
__Ltext125                                      text125      000000
__Ltext126                                      text126      000000
__Ltext127                                      text127      000000
__Ltext128                                      text128      000000
__Ltext129                                      text129      000000
__Ltext13                                       text13       000000
__Ltext130                                      text130      000000
__Ltext131                                      text131      000000
__Ltext132                                      text132      000000
__Ltext133                                      text133      000000
__Ltext134                                      text134      000000
__Ltext14                                       text14       000000
__Ltext15                                       text15       000000
__Ltext16                                       text16       000000
__Ltext17                                       text17       000000
__Ltext18                                       text18       000000
__Ltext19                                       text19       000000
__Ltext2                                        text2        000000
__Ltext20                                       text20       000000
__Ltext21                                       text21       000000
__Ltext22                                       text22       000000
__Ltext23                                       text23       000000
__Ltext24                                       text24       000000
__Ltext25                                       text25       000000
__Ltext26                                       text26       000000
__Ltext27                                       text27       000000
__Ltext28                                       text28       000000
__Ltext29                                       text29       000000
__Ltext3                                        text3        000000
__Ltext30                                       text30       000000
__Ltext31                                       text31       000000
__Ltext32                                       text32       000000
__Ltext33                                       text33       000000
__Ltext34                                       text34       000000
__Ltext35                                       text35       000000
__Ltext36                                       text36       000000
__Ltext37                                       text37       000000
__Ltext38                                       text38       000000
__Ltext4                                        text4        000000
__Ltext40                                       text40       000000
__Ltext41                                       text41       000000
__Ltext42                                       text42       000000
__Ltext43                                       text43       000000
__Ltext44                                       text44       000000
__Ltext45                                       text45       000000
__Ltext46                                       text46       000000
__Ltext47                                       text47       000000
__Ltext48                                       text48       000000
__Ltext49                                       text49       000000
__Ltext5                                        text5        000000
__Ltext50                                       text50       000000
__Ltext51                                       text51       000000
__Ltext52                                       text52       000000
__Ltext53                                       text53       000000
__Ltext54                                       text54       000000
__Ltext55                                       text55       000000
__Ltext56                                       text56       000000
__Ltext57                                       text57       000000
__Ltext58                                       text58       000000
__Ltext59                                       text59       000000
__Ltext6                                        text6        000000
__Ltext60                                       text60       000000
__Ltext61                                       text61       000000
__Ltext62                                       text62       000000
__Ltext63                                       text63       000000
__Ltext64                                       text64       000000
__Ltext65                                       text65       000000
__Ltext66                                       text66       000000
__Ltext67                                       text67       000000
__Ltext68                                       text68       000000
__Ltext69                                       text69       000000
__Ltext7                                        text7        000000
__Ltext70                                       text70       000000
__Ltext71                                       text71       000000
__Ltext72                                       text72       000000
__Ltext73                                       text73       000000
[...]
i2ECU_LCD_4bit_send_string_with_pos@lcd         cstackCOMRAM 00001C
i2ECU_LCD_4bit_send_string_with_pos@ret         cstackCOMRAM 000022
i2ECU_LCD_4bit_send_string_with_pos@row         cstackCOMRAM 000020
i2ECU_LCD_4bit_send_string_with_pos@string      cstackCOMRAM 00001E
i2ECU_LCD_4bit_set_cursor@col                   cstackCOMRAM 00001A
i2ECU_LCD_4bit_set_cursor@lcd                   cstackCOMRAM 000017
i2ECU_LCD_4bit_set_cursor@ret                   cstackCOMRAM 00001B
i2ECU_LCD_4bit_set_cursor@row                   cstackCOMRAM 000019
i2EEPROM_write_data@address                     cstackCOMRAM 000001
i2EEPROM_write_data@data                        cstackCOMRAM 000003
i2EEPROM_write_data@global_interrupt_state      cstackCOMRAM 000004
i2GPIO_PIN_write_logic@logic                    cstackCOMRAM 000003
i2GPIO_PIN_write_logic@pin                      cstackCOMRAM 000001
i2GPIO_PIN_write_logic@ret                      cstackCOMRAM 000009
i2LCD_send_higher_nibble@L_counter              cstackCOMRAM 000012
i2LCD_send_higher_nibble@command_or_data        cstackCOMRAM 00000C
i2LCD_send_higher_nibble@lcd                    cstackCOMRAM 00000A
i2LCD_send_higher_nibble@ret                    cstackCOMRAM 000011
i2LCD_send_lower_nibble@L_counter               cstackCOMRAM 000012
i2LCD_send_lower_nibble@command_or_data         cstackCOMRAM 00000C
i2LCD_send_lower_nibble@lcd                     cstackCOMRAM 00000A
i2LCD_send_lower_nibble@ret                     cstackCOMRAM 000011
i2SPI_send_16bit_data_blocking@SPI_obj          cstackCOMRAM 000004
i2SPI_send_16bit_data_blocking@data             cstackCOMRAM 000006
i2SPI_send_data_blocking@SPI_obj                cstackCOMRAM 000001
i2SPI_send_data_blocking@data                   cstackCOMRAM 000003
i2_AD9833_send_data_blocking                    text120      004AA0
i2_AD9833_set_sine_waveform                     text119      005466
i2_AD9833_set_square_waveform                   text118      005432
i2_AD9833_set_triangle_waveform                 text117      0053FE
i2_ADC_ISR                                      text134      005726
i2_CCP1_INTERRUPT_HANDLER                       text133      005722
i2_CCP2_INTERRUPT_HANDLER                       text132      00571E
i2_ECU_LCD_4bit_send_command                    text127      003A50
i2_ECU_LCD_4bit_send_data                       text128      003B04
i2_ECU_LCD_4bit_send_data_with_pos              text125      004FEC
i2_ECU_LCD_4bit_send_number_with_pos            text105      004E08
i2_ECU_LCD_4bit_send_special_character          text124      00458E
i2_ECU_LCD_4bit_send_string                     text116      00423E
i2_ECU_LCD_4bit_send_string_with_pos            text115      004AFC
i2_ECU_LCD_4bit_set_cursor                      text126      004062
i2_EEPROM_write_data                            text104      004FA8
i2_GPIO_PIN_write_logic                         text131      002DE8
i2_ISR_INT0                                     text101      0055BC
i2_ISR_INT1                                     text100      00558C
i2_ISR_INT2                                     text99       00555C
i2_ISR_RB4                                      text98       00571A
i2_ISR_RB5                                      text97       005716
i2_ISR_RB6                                      text96       005712
i2_ISR_RB7                                      text95       00570E
i2_LCD_send_higher_nibble                       text130      0047E0
i2_LCD_send_lower_nibble                        text129      004850
i2_RX_INTERRUPT_HANDLER                         text94       005616
i2_SPI_INTERRUPT_HANDLER                        text93       0056E4
i2_SPI_send_16bit_data_blocking                 text121      0052F0
i2_SPI_send_data_blocking                       text122      0051D6
i2_TIMER0_INTERRUPT_HANDLER                     text92       0056C2
i2_TIMER1_INTERRUPT_HANDLER                     text91       00570A
i2_TIMER2_INTERRUPT_HANDLER                     text90       0056D6
i2_TIMER3_INTERRUPT_HANDLER                     text89       005734
i2_TX_INTERRUPT_HANDLER                         text88       00569C
i2___awdiv                                      text113      00398E
i2___awdiv@counter                              cstackCOMRAM 000005
i2___awdiv@dividend                             cstackCOMRAM 000001
i2___awdiv@divisor                              cstackCOMRAM 000003
i2___awdiv@quotient                             cstackCOMRAM 000007
i2___awdiv@sign                                 cstackCOMRAM 000006
i2___awmod                                      text123      003D18
i2___awmod@counter                              cstackCOMRAM 000005
i2___awmod@dividend                             cstackCOMRAM 000001
i2___awmod@divisor                              cstackCOMRAM 000003
i2___awmod@sign                                 cstackCOMRAM 000006
i2_abs                                          text112      0053CA
i2_convert_uint32_to_string                     text106      005072
i2_cursor_button_interrupt                      text102      0043F4
i2_fputc                                        text110      00342C
i2_memset                                       text114      0052B8
i2_ok_exit_button_interrupt                     text103      001C6E
i2_putch                                        text111      005736
i2_sprintf                                      text107      005030
i2_vfpfcnvrt                                    text109      0022B6
i2_vfprintf                                     text108      004D76
i2abs@a                                         cstackCOMRAM 000007
i2convert_uint32_to_string@value                cstackCOMRAM 000034
i2fputc@c                                       cstackCOMRAM 000001
i2fputc@fp                                      cstackCOMRAM 000003
i2memset@c                                      cstackCOMRAM 000003
i2memset@dest                                   cstackCOMRAM 000001
i2memset@n                                      cstackCOMRAM 000005
i2memset@p                                      cstackCOMRAM 000007
i2sprintf@ap                                    cstackCOMRAM 000027
i2sprintf@f                                     cstackCOMRAM 000029
i2sprintf@fmt                                   cstackCOMRAM 000022
i2sprintf@s                                     cstackCOMRAM 000020
i2vfpfcnvrt@ap                                  cstackCOMRAM 00000F
i2vfpfcnvrt@c                                   cstackCOMRAM 000019
i2vfpfcnvrt@convarg                             cstackCOMRAM 000015
i2vfpfcnvrt@cp                                  cstackCOMRAM 000014
i2vfpfcnvrt@done                                cstackCOMRAM 000013
i2vfpfcnvrt@fmt                                 cstackCOMRAM 00000D
i2vfpfcnvrt@fp                                  cstackCOMRAM 00000B
i2vfprintf@ap                                   cstackCOMRAM 00001D
i2vfprintf@cfmt                                 cstackCOMRAM 00001F
i2vfprintf@fmt                                  cstackCOMRAM 00001C
i2vfprintf@fp                                   cstackCOMRAM 00001A
int$flags                                       temp         00007C
int_func                                        intcode_body 0016B4
intlevel0                                       text         000000
intlevel1                                       text         000000
intlevel2                                       text         000000
intlevel3                                       text         000000
isa$std                                         (abs)        000001
isa$xinst                                       (abs)        000000
memset@c                                        cstackBANK1  00011B
memset@dest                                     cstackBANK1  000119
memset@n                                        cstackBANK1  00011D
memset@p                                        cstackBANK1  00011F
sprintf@ap                                      cstackBANK1  00013F
sprintf@f                                       cstackBANK1  000141
sprintf@fmt                                     cstackBANK1  00013A
sprintf@s                                       cstackBANK1  000138
stackhi                                         (abs)        000000
stacklo                                         (abs)        000000
start                                           init         000420
start_initialization                            cinit        0042D8
ttemp5                                          temp         00007D
ttemp6                                          temp         000080
ttemp7                                          temp         000084
vfpfcnvrt@ap                                    cstackBANK1  000127
vfpfcnvrt@c                                     cstackBANK1  000131
vfpfcnvrt@convarg                               cstackBANK1  00012D
vfpfcnvrt@cp                                    cstackBANK1  00012C
vfpfcnvrt@done                                  cstackBANK1  00012B
vfpfcnvrt@fmt                                   cstackBANK1  000125
vfpfcnvrt@fp                                    cstackBANK1  000123
vfprintf@ap                                     cstackBANK1  000135
vfprintf@cfmt                                   cstackBANK1  000137
vfprintf@fmt                                    cstackBANK1  000134
vfprintf@fp                                     cstackBANK1  000132
wtemp8                                          temp         00007D


MODULE INFORMATION

Module		Function		Class		Link	Load	Size
MCAL/Timers/Timer3/Timer3.c
		_TIMER3_INTERRUPT_HANDLER		CODE           	5730	0000	2

MCAL/Timers/Timer3/Timer3.c estimated size: 2

MCAL/Timers/Timer2/Timer2.c
		_TIMER2_INTERRUPT_HANDLER		CODE           	56CE	0000	8

MCAL/Timers/Timer2/Timer2.c estimated size: 8

ECU/AD9833/AD9833.c
		_AD9833_set_square_waveform		CODE           	5248	0000	56
		_AD9833_init   		CODE           	109C	0000	1560
		_AD9833_set_triangle_waveform		CODE           	5210	0000	56
		_AD9833_set_sine_waveform		CODE           	5280	0000	56
		_AD9833_send_data_blocking		CODE           	4920	0000	100

ECU/AD9833/AD9833.c estimated size: 1828

MCAL/GPIO/GPIO.c
		_GPIO_PIN_write_logic		CODE           	2B60	0000	324
		_GPIO_PIN_enable_direction		CODE           	2A0C	0000	340
		_GPIO_PIN_initialize		CODE           	4104	0000	158

MCAL/GPIO/GPIO.c estimated size: 822

MCAL/SPI/SPI.c
		_SPI_init      		CODE           	24A6	0000	490
		_SPI_INTERRUPT_HANDLER		CODE           	56DE	0000	6
		_SPI_send_16bit_data_blocking		CODE           	5128	0000	58
		_SPI_send_data_blocking		CODE           	4E50	0000	70

MCAL/SPI/SPI.c estimated size: 624

C:\Program Files\Microchip\xc8\v2.50\pic\sources\c99\common\awmod.c
		___awmod       		CODE           	3BB8	0000	176

C:\Program Files\Microchip\xc8\v2.50\pic\sources\c99\common\awmod.c estimated size: 176

C:\Program Files\Microchip\xc8\v2.50\pic\sources\c99\common\putch.c
		_putch         		CODE           	572E	0000	2

C:\Program Files\Microchip\xc8\v2.50\pic\sources\c99\common\putch.c estimated size: 2

C:\Program Files\Microchip\xc8\v2.50\pic\sources\c99\common\abs.c
		_abs           		CODE           	5328	0000	54

C:\Program Files\Microchip\xc8\v2.50\pic\sources\c99\common\abs.c estimated size: 54

MCAL/EUSART/EUSART.c
		_RX_INTERRUPT_HANDLER		CODE           	55EC	0000	42
		_TX_INTERRUPT_HANDLER		CODE           	5682	0000	26

MCAL/EUSART/EUSART.c estimated size: 68

MCAL/Timers/Timer0/Timer0.c
		_TIMER0_INTERRUPT_HANDLER		CODE           	56B6	0000	12

MCAL/Timers/Timer0/Timer0.c estimated size: 12

MCAL/CCP/CCP.c
		_CCP1_INTERRUPT_HANDLER		CODE           	5702	0000	4
		_CCP2_INTERRUPT_HANDLER		CODE           	56FE	0000	4

MCAL/CCP/CCP.c estimated size: 8

MCAL/EEPROM/EEPROM.c
		_EEPROM_read_data		CODE           	4EDC	0000	68
		_EEPROM_write_data		CODE           	4DC0	0000	72

MCAL/EEPROM/EEPROM.c estimated size: 140

MCAL/ADC/ADC.c
		_ADC_input_pin 		CODE           	3018	0000	232
		_ADC_init      		CODE           	549A	0000	50
		_ADC_ISR       		CODE           	5706	0000	4
		_ADC_read_conversion		CODE           	5666	0000	28
		_ADC_read_channel_blocking		CODE           	4BF8	0000	78

MCAL/ADC/ADC.c estimated size: 392

C:\Program Files\Microchip\xc8\v2.50\pic\sources\c99\common\lodiv.c
		___lodiv       		CODE           	2F26	0000	242

C:\Program Files\Microchip\xc8\v2.50\pic\sources\c99\common\lodiv.c estimated size: 242

MCAL/INTERRUPT/INTERRUPT_manager/INTERRUPT_manager.c
		_ISR_LOW_Manager		CODE           	0018	0000	1032
		_ISR_HIGH_Manager		CODE           	0008	0000	830

MCAL/INTERRUPT/INTERRUPT_manager/INTERRUPT_manager.c estimated size: 1862

C:\Program Files\Microchip\xc8\v2.50\pic\sources\c99\common\nf_sprintf.c
		_sprintf       		CODE           	4C94	0000	76

C:\Program Files\Microchip\xc8\v2.50\pic\sources\c99\common\nf_sprintf.c estimated size: 76

C:\Program Files\Microchip\xc8\v2.50\pic\sources\c99\common\memset.c
		_memset        		CODE           	50EE	0000	58

C:\Program Files\Microchip\xc8\v2.50\pic\sources\c99\common\memset.c estimated size: 58

C:\Program Files\Microchip\xc8\v2.50\pic\sources\c99\common\nf_fputc.c
		_fputc         		CODE           	3100	0000	204

C:\Program Files\Microchip\xc8\v2.50\pic\sources\c99\common\nf_fputc.c estimated size: 204

shared
		i2_SPI_send_16bit_data_blocking		CODE           	52F0	0000	56
		i1_vfpfcnvrt   		CODE           	20BC	0000	506
		i2_vfpfcnvrt   		CODE           	22B6	0000	496
		i1_abs         		CODE           	535E	0000	54
		i2_abs         		CODE           	53CA	0000	52
		i1_putch       		CODE           	5732	0000	2
		i2_putch       		CODE           	5736	0000	2
		i2_cursor_button_interrupt		CODE           	43F4	0000	138
		i2_SPI_INTERRUPT_HANDLER		CODE           	56E4	0000	6
		i2_ISR_RB4     		CODE           	571A	0000	4
		i2_ISR_RB5     		CODE           	5716	0000	4
		i2_ISR_RB6     		CODE           	5712	0000	4
		i2_ISR_RB7     		CODE           	570E	0000	4
		i1_ECU_LCD_4bit_send_string		CODE           	3FC0	0000	162
		i1_LCD_send_higher_nibble		CODE           	4686	0000	118
		i2_ECU_LCD_4bit_send_string		CODE           	423E	0000	154
		i2_LCD_send_higher_nibble		CODE           	47E0	0000	112
		i1_LCD_send_lower_nibble		CODE           	476E	0000	114
		i2_LCD_send_lower_nibble		CODE           	4850	0000	108
		i1_vfprintf    		CODE           	4C46	0000	78
		i2_vfprintf    		CODE           	4D76	0000	74
		i1_AD9833_send_data_blocking		CODE           	4984	0000	100
		i2_AD9833_send_data_blocking		CODE           	4AA0	0000	92
		i1_ECU_LCD_4bit_send_command		CODE           	3806	0000	196
		i2_ECU_LCD_4bit_send_command		CODE           	3A50	0000	180
		i1___awdiv     		CODE           	3742	0000	196
		i2___awdiv     		CODE           	398E	0000	194
		i1_SPI_send_data_blocking		CODE           	50B2	0000	60
		i2_SPI_send_data_blocking		CODE           	51D6	0000	58
		i1_ECU_LCD_4bit_send_data		CODE           	38CA	0000	196
		i2_ECU_LCD_4bit_send_data		CODE           	3B04	0000	180
		i2_AD9833_set_sine_waveform		CODE           	5466	0000	52
		i2_ECU_LCD_4bit_send_special_character		CODE           	458E	0000	130
		__initialization		CODE           	42D8	0000	132
		i2_ok_exit_button_interrupt		CODE           	1C6E	0000	596
		i1___awmod     		CODE           	3C68	0000	176
		i2___awmod     		CODE           	3D18	0000	174
		i2_CCP1_INTERRUPT_HANDLER		CODE           	5722	0000	4
		i2_TIMER0_INTERRUPT_HANDLER		CODE           	56C2	0000	12
		i2_TIMER1_INTERRUPT_HANDLER		CODE           	570A	0000	4
		i2_TIMER2_INTERRUPT_HANDLER		CODE           	56D6	0000	8
		i2_TIMER3_INTERRUPT_HANDLER		CODE           	5734	0000	2
		i1_sprintf     		CODE           	4E96	0000	70
		i2_RX_INTERRUPT_HANDLER		CODE           	5616	0000	42
		i2_sprintf     		CODE           	5030	0000	66
		i2_EEPROM_write_data		CODE           	4FA8	0000	68
		i2_TX_INTERRUPT_HANDLER		CODE           	569C	0000	26
		i2_ADC_ISR     		CODE           	5726	0000	4
		i1_convert_uint32_to_string		CODE           	4F64	0000	68
		i2_convert_uint32_to_string		CODE           	5072	0000	64
		i1_ECU_LCD_4bit_set_cursor		CODE           	3E72	0000	172
		i2_ECU_LCD_4bit_set_cursor		CODE           	4062	0000	162
		i2_AD9833_set_square_waveform		CODE           	5432	0000	52
		i1_ECU_LCD_4bit_send_string_with_pos		CODE           	4A44	0000	92
		i2_ECU_LCD_4bit_send_string_with_pos		CODE           	4AFC	0000	88
		i1_fputc       		CODE           	31CC	0000	204
		i2_fputc       		CODE           	342C	0000	202
		i1_memset      		CODE           	5162	0000	58
		i1_ECU_LCD_4bit_send_number_with_pos		CODE           	4CE0	0000	76
		i2_ECU_LCD_4bit_send_data_with_pos		CODE           	4FEC	0000	68
		i2_memset      		CODE           	52B8	0000	56
		i2_ECU_LCD_4bit_send_number_with_pos		CODE           	4E08	0000	72
		i2_CCP2_INTERRUPT_HANDLER		CODE           	571E	0000	4
		i1_GPIO_PIN_write_logic		CODE           	2CA4	0000	324
		i2_GPIO_PIN_write_logic		CODE           	2DE8	0000	318
		i2_ISR_INT0    		CODE           	55BC	0000	48
		i2_ISR_INT1    		CODE           	558C	0000	48
		i2_ISR_INT2    		CODE           	555C	0000	48
		i1_SPI_send_16bit_data_blocking		CODE           	519C	0000	58
		i2_AD9833_set_triangle_waveform		CODE           	53FE	0000	52

shared estimated size: 7600

MCAL/Timers/TIMER1/Timer1.c
		_TIMER1_INTERRUPT_HANDLER		CODE           	56EA	0000	4

MCAL/Timers/TIMER1/Timer1.c estimated size: 4

MCAL/INTERRUPT/EXTERNAL_INTERRUPT/EXTERNAL_INTERRUPT.c
		_INTERRUPT_INT0_init		CODE           	4366	0000	142
		_INTERRUPT_INT1_init		CODE           	3362	0000	202
		_INTERRUPT_INT2_init		CODE           	3298	0000	202
		_ISR_RB6       		CODE           	56F2	0000	4
		_ISR_INT0      		CODE           	552C	0000	48
		_ISR_INT1      		CODE           	54FC	0000	48
		_ISR_INT2      		CODE           	54CC	0000	48
		_ISR_RB5       		CODE           	56F6	0000	4
		_EXTERNAL_INTERRUPT_INTx_init		CODE           	447E	0000	136
		_ISR_RB4       		CODE           	56FA	0000	4
		_ISR_RB7       		CODE           	56EE	0000	4

MCAL/INTERRUPT/EXTERNAL_INTERRUPT/EXTERNAL_INTERRUPT.c estimated size: 842

app.c
		_initialize_app		CODE           	2690	0000	474
		_main          		CODE           	48BC	0000	100
		_ok_exit_button_interrupt		CODE           	19EC	0000	642
		_cursor_button_interrupt		CODE           	41A2	0000	156

app.c estimated size: 1372

ECU/LCD/LCD.c
		_ECU_LCD_4bit_send_command		CODE           	367E	0000	196
		_LCD_send_higher_nibble		CODE           	4610	0000	118
		_ECU_LCD_4bit_send_data_with_pos		CODE           	4D2C	0000	74
		_ECU_LCD_4bit_send_data		CODE           	35BA	0000	196
		_ECU_LCD_4bit_init		CODE           	286A	0000	418
		_ECU_LCD_4bit_send_number_with_pos		CODE           	4B54	0000	84
		_convert_uint32_to_string		CODE           	4F20	0000	68
		_ECU_LCD_4bit_set_cursor		CODE           	3DC6	0000	172
		_ECU_LCD_4bit_send_string		CODE           	3F1E	0000	162
		_LCD_send_lower_nibble		CODE           	46FC	0000	114
		_ECU_LCD_4bit_send_special_character		CODE           	4506	0000	136
		_ECU_LCD_4bit_send_string_with_pos		CODE           	49E8	0000	92

ECU/LCD/LCD.c estimated size: 1830

C:\Program Files\Microchip\xc8\v2.50\pic\sources\c99\common\awdiv.c
		___awdiv       		CODE           	34F6	0000	196

C:\Program Files\Microchip\xc8\v2.50\pic\sources\c99\common\awdiv.c estimated size: 196

C:\Program Files\Microchip\xc8\v2.50\pic\sources\c99\common\doprnt.c
		_vfpfcnvrt     		CODE           	1EC2	0000	506
		_vfprintf      		CODE           	4BA8	0000	80

C:\Program Files\Microchip\xc8\v2.50\pic\sources\c99\common\doprnt.c estimated size: 586

